// Jest Snapshot v1, https://goo.gl/fbAQLP

exports[`WelcomePage should match the snapshot with all data passed in correctly 1`] = `
<main
  className="welcome"
>
  <img
    alt="logo"
    className="logo"
    src="logo.svg"
  />
  <section>
    <h1>
      Welcome, Traveler!
    </h1>
    <img
      alt="traveler"
      src="traveler.svg"
    />
    <div>
      <Connect(ProcessButton)
        text="Sign In"
        type="login"
      />
      <Connect(ProcessButton)
        text="Create Account"
        type="signup"
      />
    </div>
  </section>
</main>
`;
