// Jest Snapshot v1, https://goo.gl/fbAQLP

exports[`SingleParkInfo SingleParkInfo component Snapshots should match snapshot if there is no park data 1`] = `""`;

exports[`SingleParkInfo SingleParkInfo component Snapshots should match snapshot with all data passed in correctly 1`] = `
<section
  className="single-park"
>
  <ParkDescription
    description="Ascending to 14,410 feet above sea level, Mount Rainier stands as an icon in the Washington landscape."
    fullName="Mount Rainier National Park"
    image="/some.img1.jpg"
    states="WA"
    url="https://www.nps.gov/mora/index.htm"
  />
  <Widget
    title="planning"
  />
  <Widget
    data={
      Object {
        "latLong": undefined,
        "name": "Mount Rainier",
      }
    }
    text="Mount Rainier National Park is located in west-central Washington state."
    title="directions"
  />
  <Widget
    text="Weather patterns at Mount Rainier are strongly influenced by the Pacific Ocean and elevation."
    title="weather"
  />
</section>
`;
