// Jest Snapshot v1, https://goo.gl/fbAQLP

exports[`ParksContainer ParksContainer container should match snapshot with all data passed in correctly 1`] = `
<section
  className="parks-content"
>
  <Connect(ParkCardPreview)
    fullName="Some National Park"
    id={1}
    image="images/some.jpg"
    key="1"
  />
</section>
`;
