// Jest Snapshot v1, https://goo.gl/fbAQLP

exports[`ParkCardPreview should match snapshot with all data passed in correctly 1`] = `
<section
  className="park-card"
  id="1A"
>
  <div
    className="preview"
    style={
      Object {
        "backgroundImage": "url(https://www.some.url/preview.jpg)",
      }
    }
  >
    <header>
      <p
        className="location"
      >
        WA
      </p>
      <section>
        <img
          alt="bell"
          onClick={[Function]}
          src="bell-full.svg"
        />
      </section>
    </header>
  </div>
  <NavLink
    className="title"
    onClick={[Function]}
    to="parks/some-national-park"
  >
    Some National Park
  </NavLink>
</section>
`;
